---
source: libs/wingc/src/jsify/tests.rs
---
## Code

```w

    class Foo {
      arr: Array<str>;
      
      init() {
        this.arr = ["hello", "world"];
      }
    
      inflight method() {
        this.arr.at(1);
      }
    }
    
```

## inflight.Foo-1.js

```js
"use strict";
module.exports = function({  }) {
  class Foo {
    constructor({ $__obj__args_______if__args_0____0____args_0_____this_arr_length__throw_new_Error__Index_out_of_bounds____return_obj_args_0_______this_arr___1__ }) {
      this.$__obj__args_______if__args_0____0____args_0_____this_arr_length__throw_new_Error__Index_out_of_bounds____return_obj_args_0_______this_arr___1__ = $__obj__args_______if__args_0____0____args_0_____this_arr_length__throw_new_Error__Index_out_of_bounds____return_obj_args_0_______this_arr___1__;
    }
    async method() {
      this.$__obj__args_______if__args_0____0____args_0_____this_arr_length__throw_new_Error__Index_out_of_bounds____return_obj_args_0_______this_arr___1__;
    }
  }
  return Foo;
}
```

## preflight.js

```js
"use strict";
const $stdlib = require('@winglang/sdk');
const $plugins = ((s) => !s ? [] : s.split(';'))(process.env.WING_PLUGIN_PATHS);
const $outdir = process.env.WING_SYNTH_DIR ?? ".";
const $wing_is_test = process.env.WING_IS_TEST === "true";
const std = $stdlib.std;
class $Root extends $stdlib.std.Resource {
  constructor($scope, $id) {
    super($scope, $id);
    class Foo extends $stdlib.std.Resource {
      constructor($scope, $id, ) {
        super($scope, $id);
        this.arr = ["hello", "world"];
      }
      static _toInflightType(context) {
        return `
          require("./inflight.Foo-1.js")({
          })
        `;
      }
      _toInflight() {
        return `
          (await (async () => {
            const FooClient = ${Foo._toInflightType(this)};
            const client = new FooClient({
              $__obj__args_______if__args_0____0____args_0_____this_arr_length__throw_new_Error__Index_out_of_bounds____return_obj_args_0_______this_arr___1__: ${this._lift(((obj, args) => { if (args[0] < 0 || args[0] >= this.arr.length) throw new Error("Index out of bounds"); return obj[args[0]]; })(this.arr, [1]))},
            });
            if (client.$inflight_init) { await client.$inflight_init(); }
            return client;
          })())
        `;
      }
      _supportedOps() {
        return ["method", "$inflight_init"];
      }
      _registerOnLift(host, ops) {
        if (ops.includes("$inflight_init")) {
          Foo._registerOnLiftObject(((obj, args) => { if (args[0] < 0 || args[0] >= this.arr.length) throw new Error("Index out of bounds"); return obj[args[0]]; })(this.arr, [1]), host, []);
        }
        if (ops.includes("method")) {
          Foo._registerOnLiftObject(((obj, args) => { if (args[0] < 0 || args[0] >= this.arr.length) throw new Error("Index out of bounds"); return obj[args[0]]; })(this.arr, [1]), host, []);
        }
        super._registerOnLift(host, ops);
      }
    }
  }
}
const $App = $stdlib.core.App.for(process.env.WING_TARGET);
new $App({ outdir: $outdir, name: "main", rootConstruct: $Root, plugins: $plugins, isTestEnvironment: $wing_is_test, entrypointDir: process.env['WING_SOURCE_DIR'], rootId: process.env['WING_ROOT_ID'] }).synth();
```

